[backblue.gif]
[fade.gif]
[index.html]
[www.mscepune.in/fontawesome-free-6.2.1-web/js/all.min.js]
[www.mscepune.in/fontawesome-free-6.2.1-web/js/all.js]
[www.mscepune.in/Bootstrap5.3/Scripts/bootstrap.min.js]
[www.mscepune.in/Bootstrap5.3/Scripts/bootstrap.js]
[www.mscepune.in/Bootstrap5.3/Scripts/poper.js]
[www.mscepune.in/Assests/mscemain.png]
[www.mscepune.in/Assests/bg.png]
[www.mscepune.in/Assests/fav-logo.gif]
[www.mscepune.in/Assests/smj.png]
[www.mscepune.in/FrmAboutUs.html]
[www.mscepune.in/gcc/AllResult.html]
[www.mscepune.in/Assests/114.png]
[www.mscepune.in/Assests/blinking_new.gif]
[mscepune.in/gcc/path/TET .pdf]
[mscepune.in/gcc/path/TET result .pdf]
[mscepune.in/gcc/path/MAHATET_24_ ADVERTISEMENT.pdf]
[mscepune.in/gcc/MAHHATET-2018_2.pdf]
[mscepune.in/gcc/mahatet2019.pdf]
[www.mscepune.in/gcc/path/Document 250.pdf]
[www.mscepune.in/gcc/path/LipikJahirat.pdf]
[www.mscepune.in/gcc/path/clusterhead30112023.pdf]
[www.mscepune.in/gcc/kp2023/KENDRAPRAMUKH EXAM ADVERTICEMENT.pdf]
[mscepune.in/gcc/path/TAIT EXAM 2022 Notification.pdf]
[www.mscepune.in/gcc/path/TAIT2022PDF.pdf]
[www.mscepune.in/gcc/path/TAIT01.jpg]
[www.mscepune.in/GCC/path/Internet Lease Line.jpg]
[www.mscepune.in/GCC/path/requotation 27.1.25.pdf]
[www.mscepune.in/GCC/path/quotation 14.1.25.pdf]
[www.mscepune.in/GCC/path/quotation 14.01.25 (2).pdf]
[www.mscepune.in/GCC/path/quotation 14.01.25.pdf]
[www.mscepune.in/GCC/path/quotation12.pdf]
[www.mscepune.in/GCC/path/Trunka.pdf]
[www.mscepune.in/GCC/path/jevan darpatrak.pdf]
[www.mscepune.in/GCC/path/Xerox Machine.pdf]
[www.mscepune.in/GCC/path/Server_Rental.pdf]
[www.mscepune.in/GCC/path/FAN 04.12.2023.pdf]
[www.mscepune.in/GCC/path/TRUNKA 04.12.2023.pdf]
[www.mscepune.in/GCC/path/NUT  BOLT4.12 (3).pdf]
[www.mscepune.in/GCC/path/Revolving chair.pdf]
[www.mscepune.in/GCC/path/Ladder.pdf]
[www.mscepune.in/GCC/path/toner 09.11.2023.pdf]
[www.mscepune.in/GCC/path/computer laptop amc 09.11.2023.pdf]
[www.mscepune.in/GCC/path/lunch 09.11.2023.pdf]
[www.mscepune.in/GCC/path/nut bolt 09.11.2023.pdf]
[www.mscepune.in/GCC/path/xeroxmachine 09.11.2023.pdf]
[www.mscepune.in/GCC/path/stationary darpatrak.pdf]
[www.mscepune.in/gcc/path/RIMC NOTIFICATION 2025_250115_111104.pdf]
[www.mscepune.in/gcc/RIMC_SeatNo_December2024.html]
[www.ntsemsce.in/pdf/JAHIR PRAKATAN.html]
[www.mscepune.in/gcc/blinking_new.gif]
[mscenmms.s3.ap-south-1.amazonaws.com/Information/Notification_Note.pdf]
[mscepune.in/gcc/dept2024/dept2024New/PDF/RESULT/NEW/LIPIK.jpg]
[mscepune.in/gcc/dept2024/dept2024New/PDF/RESULT/NEW/PARYAVEKSHAK.jpg]
[mscepune.in/gcc/dept2024/dept2024New/PDF/RESULT/msc.pdf]
[mscepune.in/gcc/dept2024/dept2024New/PDF/Latter.pdf]
[mscepune.in/gcc/dept2024/dept2024New/PDF/RESULT/Cleark.pdf]
[mscepune.in/gcc/dept2024/dept2024New/PDF/RESULT/Sup.pdf]
[mscepune.in/gcc/dept2024/dept2024New/PDF/RESULT/ADI.pdf]
[mscepune.in/gcc/dept2024/dept2024New/PDF/Que_Cleark.pdf]
[mscepune.in/gcc/dept2024/dept2024New/PDF/Que_Supervisor.pdf]
[mscepune.in/gcc/dept2024/dept2024New/PDF/Que_ADI.pdf]
[mscepune.in/gcc/dept2024/dept2024New/PDF/Silyabus subjectwise Cleark.pdf]
[mscepune.in/gcc/dept2024/dept2024New/PDF/Silyabus subjectwise Sup.pdf]
[mscepune.in/gcc/dept2024/dept2024New/PDF/Silyabus subjectwise ADI.pdf]
[www.mscepune.in/msce/HomePageNew.html]
[www.mscepune.in/GCC/NUTANIKARAN/EO/ADMINONE/ADMINLOGINGCC.html]
[www.mscepune.in/GCC/NUTANIKARAN/EO/DYDE/ADMINLOGINGCC.html]
[www.mscepune.in/gcc/INDEXEO.html]
[www.mscepune.in/gcc/INDEXDYDE.html]
[www.mscepune.in/gcc/IndexEORenewel.html]
[www.mscepune.in/gcc/INDEXDYDERenewel.html]
[cdn.jsdelivr.net/npm/bootstrap@5.3.0-alpha3/dist/js/bootstrap.bundle.min.js]
[www.mscepune.in/Terms_Condition_OnlinePayment.html]
[www.mscepune.in/Sitemap.html]
[www.mscepune.in/index.html]
[www.mscepune.in/index-2.html]
[www.mscepune.in/FrmAboutUs.html]
[www.mscepune.in/FRMUC.html]
[www.mscepune.in/GCC/TENDERINFO.html]
[maxcdn.bootstrapcdn.com/bootstrap/3.3.7/css/bootstrap.min.css]
[ajax.googleapis.com/ajax/libs/jquery/3.3.1/jquery.min.js]
[maxcdn.bootstrapcdn.com/bootstrap/3.3.7/js/bootstrap.min.js]
[code.jquery.com/ui/1.12.1/themes/base/jquery-ui.css]
[code.jquery.com/jquery-1.12.4.js]
[code.jquery.com/ui/1.12.1/jquery-ui.js]
[www.mscepune.in/gcc/css/bootstrap.css]
[mscepune.in/dtedola/Images/header-bg.gif]
[www.mscepune.in/gcc/AllResult.html]
[www.mscepune.in/Chairman_E.html]
[www.mscepune.in/Commissioner_E.html]
[www.mscepune.in/SchollerShip_Exam_Pattern.html]
[www.mscepune.in/gcc/FrmGccNiyamavali2014.html]
[www.mscepune.in/gcc/CSS/bootstrap-2.css]
[ajax.googleapis.com/ajax/libs/jquery/1.12.2/jquery.min.js]
[maxcdn.bootstrapcdn.com/bootstrap/3.3.6/js/bootstrap.min.js]
[www.mscepune.in/WebResource6456.js]
[www.mscepune.in/WebResourced7de.js]
[www.mscepune.in/gcc/FRMRIMCSeatNo_Dec2024.html]
[www.mscepune.in/gcc/FRMRIMCSeatNo_GirlsDec2024.html]
[www.mscepune.in/gcc/RIMC_SeatNo_December2024.html]
[www.mscepune.in/gcc/RIMC_Dec2024Rejectedlist.pdf]
[www.mscepune.in/msce/Assets/mscemain.png]
[cdn.jsdelivr.net/npm/@popperjs/core@2.11.8/dist/umd/popper.min.js]
[cdn.jsdelivr.net/npm/bootstrap@5.3.2/dist/js/bootstrap.min.js]
[cdn.jsdelivr.net/npm/bootstrap@5.3.2/dist/css/bootstrap.min.css]
[cdn.jsdelivr.net/npm/bootstrap@5.3.2/dist/js/bootstrap.bundle.min.js]
[www.mscepune.in/msce/fontawesome-free-6.2.1-web/css/all.min.css]
[www.mscepune.in/msce/fontawesome-free-6.2.1-web/js/all.min.js]
[www.mscepune.in/msce/DataTables/DataTables-1.13.4/css/jquery.dataTables.css]
[www.mscepune.in/msce/DataTables/DataTables-1.13.4/css/jquery.dataTables.min.css]
[www.mscepune.in/msce/DataTables/DataTables-1.13.4/js/jquery.dataTables.js]
[www.mscepune.in/msce/DataTables/DataTables-1.13.4/js/jquery.dataTables.min.js]
[maxcdn.bootstrapcdn.com/bootstrap/4.5.2/css/bootstrap.min.css]
[www.mscepune.in/msce/LoginSid.html]
[www.mscepune.in/msce/SignUp.html]
[www.mscepune.in/msce/Adminlogin.html]
[www.mscepune.in/msce/Disclaimer.html]
[www.mscepune.in/msce/TermsConditions.html]
[www.mscepune.in/msce/PrivacyPolicy.html]
[www.mscepune.in/msce/HyperLinkPolicy.html]
[www.mscepune.in/msce/CopyRightPolicy.html]
[www.mscepune.in/msce/HomePageNew.html]
[www.mscepune.in/gcc/Imp_TeacherInfo.html]
[www.mscepune.in/Assets/mscemain.png]
[www.mscepune.in/GCC/NUTANIKARAN/EO/ADMINONE/Assets/mscemain.png]
[www.mscepune.in/GCC/NUTANIKARAN/EO/ADMINONE/Assets/fav-logo.gif]
[www.mscepune.in/GCC/NUTANIKARAN/EO/ADMINONE/ADMINLOGINGCC.html]
[www.mscepune.in/GCC/NUTANIKARAN/EO/ADMINONE/Assets/smj.png]
[www.mscepune.in/GCC/NUTANIKARAN/EO/DYDE/Assets/mscemain.png]
[www.mscepune.in/GCC/NUTANIKARAN/EO/DYDE/Assets/fav-logo.gif]
[www.mscepune.in/GCC/NUTANIKARAN/EO/DYDE/ADMINLOGINGCC.html]
[www.mscepune.in/GCC/NUTANIKARAN/EO/DYDE/Assets/smj.png]
[www.mscepune.in/gcc/CSS/gcc.css]
[www.mscepune.in/gcc/INDEXEO.html]
[www.mscepune.in/gcc/INDEXDYDE.html]
[www.mscepune.in/gcc/fontawesome-free-6.2.1-web/css/all.css]
[www.mscepune.in/gcc/fontawesome-free-6.2.1-web/css/all.min.css]
[www.mscepune.in/gcc/fontawesome-free-6.2.1-web/js/all.min.js]
[www.mscepune.in/gcc/fontawesome-free-6.2.1-web/js/all.js]
[www.mscepune.in/gcc/Bootstrap5.3/Content/bootstrap.css]
[www.mscepune.in/gcc/Bootstrap5.3/Content/bootstrap.min.css]
[www.mscepune.in/gcc/Bootstrap5.3/Content/CustomStyle.css]
[www.mscepune.in/gcc/Bootstrap5.3/Scripts/bootstrap.min.js]
[www.mscepune.in/gcc/Bootstrap5.3/Scripts/bootstrap.js]
[www.mscepune.in/gcc/Bootstrap5.3/Scripts/poper.js]
[www.mscepune.in/gcc/Assests/mscemain.png]
[www.mscepune.in/gcc/Assests/bg.png]
[www.mscepune.in/gcc/Assests/fav-logo.gif]
[www.mscepune.in/gcc/IndexEORenewel.html]
[www.mscepune.in/gcc/INDEXDYDERenewel.html]
[www.mscepune.in/Disclamer.html]
[www.mscepune.in/Terms_Condition_E.html]
[www.mscepune.in/Terms_Condition_OnlinePayment.html]
[www.mscepune.in/Copyright_E.html]
[www.mscepune.in/Privacy_E.html]
[www.mscepune.in/HyperLink.html]
[www.mscepune.in/Archived.html]
[www.mscepune.in/ContactUs_E.html]
[www.mscepune.in/Help.html]
[www.mscepune.in/feedback.html]
[www.mscepune.in/Sitemap.html]
[www.mscepune.in/Search.html]
[www.mscepune.in/gcc/Assests/smj.png]
[www.mscepune.in/GCC/fontawesome-free-6.2.1-web/css/all-2.css]
[www.mscepune.in/GCC/fontawesome-free-6.2.1-web/css/all.min-2.css]
[www.mscepune.in/GCC/fontawesome-free-6.2.1-web/js/all.min-2.js]
[www.mscepune.in/GCC/fontawesome-free-6.2.1-web/js/all-2.js]
[www.mscepune.in/GCC/Bootstrap5.3/Content/bootstrap-2.css]
[www.mscepune.in/GCC/Bootstrap5.3/Content/bootstrap.min-2.css]
[www.mscepune.in/GCC/Bootstrap5.3/Content/CustomStyle-2.css]
[www.mscepune.in/GCC/Bootstrap5.3/Scripts/bootstrap.min-2.js]
[www.mscepune.in/GCC/Bootstrap5.3/Scripts/bootstrap-2.js]
[www.mscepune.in/GCC/Bootstrap5.3/Scripts/poper-2.js]
[www.mscepune.in/GCC/css/bootstrap-3.css]
[www.mscepune.in/gcc/path/Acct2023_2.pdf]
[www.mscepune.in/GCC/scholarship_syllabus.html]
[www.mscepune.in/GCC/path/वाहन.pdf]
[2025.mscenmms.in/NMMS2122Documents/Image (53).html]
[www.mscepune.in/gcc/RIMC_SeatNo_Dec2023.html]
[www.mscepune.in/GCC/TENDERINFO.html]
[fonts.googleapis.com/csse321.css]
[fonts.googleapis.com/css55d0.css]
[fonts.googleapis.com/css0b2f.css]
[www.mscepune.in/WebResource6456.js]
[www.mscepune.in/WebResourced7de.js]
[www.mscepune.in/gcc/CSS/GCC-2.css]
[www.mscepune.in/gcc/FRMRIMCSeatNo_Dec2024.html]
[www.mscepune.in/gcc/FRMRIMCSeatNo_GirlsDec2024.html]
[unpkg.com/@popperjs/core@2.11.8/dist/umd/popper.js]
[www.mscepune.in/msce/Custom/StyleSheet1.css]
[www.mscepune.in/msce/LoginSid.html]
[www.mscepune.in/msce/SignUp.html]
[www.mscepune.in/msce/Adminlogin.html]
[www.mscepune.in/msce/google_jsapi.js]
[cdnjs.cloudflare.com/ajax/libs/font-awesome/5.15.3/css/all.min.css]
[www.mscepune.in/msce/Assets/fav-logo.gif]
[www.mscepune.in/msce/Assets/nat.png]
[www.mscepune.in/msce/Disclaimer.html]
[www.mscepune.in/msce/TermsConditions.html]
[www.mscepune.in/msce/PrivacyPolicy.html]
[www.mscepune.in/msce/BootStrap-5.3/css/bootstrap.css]
[www.mscepune.in/msce/BootStrap-5.3/css/bootstrap.min.css]
[www.mscepune.in/msce/BootStrap-5.3/js/bootstrap.js]
[www.mscepune.in/msce/BootStrap-5.3/js/bootstrap.min.js]
[www.mscepune.in/msce/HyperLinkPolicy.html]
[www.mscepune.in/msce/CopyRightPolicy.html]
[www.mscepune.in/msce/MainPage.html]
[www.mscepune.in/msce/AboutUs.html]
[www.mscepune.in/msce/RTS_Dashboard.html]
[www.mscepune.in/GCC/_/Index.html]
[www.mscepune.in/gcc/scholarshipQP2017.html]
[www.mscepune.in/msce/BootStrap-5.3/js/Popper.js]
[maxcdn.bootstrapcdn.com/bootstrap/3.3.6/css/bootstrap.min.css]
[ajax.googleapis.com/ajax/libs/jquery/1.12.4/jquery.min.js]
[www.mscepune.in/GCC/scholarship_syllabus.html]
[www.mscepune.in/GCC/SchollerShip_Exam_Pattern.html]
[www.mscepune.in/gcc/FRMRIMCSeatNo_Dec2023.html]
[www.mscepune.in/gcc/FRMRIMCSeatNo_GirlsDec2023.html]
[www.mscepune.in/gcc/RIMC_Dec2023Rejectedlist.pdf]
[www.mscepune.in/gcc/RIMC_SeatNo_Dec2023.html]
[www.mscepune.in/gcc/POST.html]
[www.mscepune.in/msce/Home_MSCE.html]
[www.mscepune.in/msce/RTS/RTS_Dashboard.html]
[www.mscepune.in/gcc/FRMRIMCSeatNo_Dec2023.html]
[www.mscepune.in/gcc/FRMRIMCSeatNo_GirlsDec2023.html]
[www.mscepune.in/msce/FeedBack.html]
[www.mscepune.in/msce/ContactUs.html]
[www.mscepune.in/fontawesome-free-6.2.1-web/css/all.min.css]
[www.mscepune.in/fontawesome-free-6.2.1-web/css/all.css]
[www.mscepune.in/Bootstrap5.3/Content/bootstrap.css]
[www.mscepune.in/Bootstrap5.3/Content/bootstrap.min.css]
[www.mscepune.in/fontawesome-free-6.2.1-web/js/all.js]
[www.mscepune.in/fontawesome-free-6.2.1-web/js/all.min.js]
[www.mscepune.in/Bootstrap5.3/Scripts/bootstrap.min.js]
[www.mscepune.in/Bootstrap5.3/Scripts/bootstrap.js]
[www.mscepune.in/Assests/mscemain.png]
[www.mscepune.in/Assests/bg.png]
[www.mscepune.in/Assests/114.png]
[www.mscepune.in/Assests/fav-logo.gif]
[mscepune.in/gcc/path/TET .pdf]
[www.mscepune.in/Assests/smj.png]
[www.mscepune.in/Assests/blinking_new.gif]
[mscepune.in/gcc/path/TET result .pdf]
[mscepune.in/gcc/path/MAHATET_24_ ADVERTISEMENT.pdf]
[www.mscepune.in/gcc/path/TAIT2022PDF.pdf]
[www.mscepune.in/gcc/path/pn.pdf]
[mscepune.in/gcc/MAHHATET-2018_2.pdf]
[www.mscepune.in/gcc/path/clusterhead30112023.pdf]
[www.mscepune.in/gcc/path/Document 250.pdf]
[mscepune.in/gcc/mahatet2019.pdf]
[www.mscepune.in/gcc/path/LipikJahirat.pdf]
[www.mscepune.in/gcc/kp2023/KENDRAPRAMUKH EXAM ADVERTICEMENT.pdf]
[www.mscepune.in/gcc/path/TAIT01.jpg]
[mscepune.in/gcc/path/TAIT EXAM 2022 Notification.pdf]
[www.mscepune.in/gcc/path/P1_ALLROLL_PRT.pdf]
[www.mscepune.in/gcc/path/P3_ALLROLL_PRT.pdf]
[www.mscepune.in/gcc/path/P2_ALLROLL_PRT.pdf]
[www.mscepune.in/gcc/path/P4_ALLROLL_PRT.pdf]
[www.mscepune.in/gcc/path/P5_ALLROLL_PRT.pdf]
[www.mscepune.in/gcc/path/P6_ALLROLL_PRT.pdf]
[www.mscepune.in/GCC/path/Internet Lease Line.jpg]
[www.mscepune.in/GCC/path/Scan_20250217_150400.pdf]
[www.mscepune.in/GCC/path/Scan_20250210_131323.pdf]
[www.mscepune.in/GCC/path/requotation 27.1.25.pdf]
[www.mscepune.in/GCC/path/Scan_20250206_173519.pdf]
[www.mscepune.in/GCC/path/Scan_20250115_165153.pdf]
[www.mscepune.in/GCC/path/Scan_20250115_165110.pdf]
[www.mscepune.in/GCC/path/Scan_20250115_164924.pdf]
[www.mscepune.in/GCC/path/quotation 14.1.25.pdf]
[www.mscepune.in/GCC/path/quotation 14.01.25 (2).pdf]
[www.mscepune.in/GCC/path/quotation 14.01.25.pdf]
[www.mscepune.in/GCC/path/Scan_20250113_142955.pdf]
[www.mscepune.in/GCC/path/Scan_20250113_125056.pdf]
[www.mscepune.in/GCC/path/Scan_20250110_145126.pdf]
[www.mscepune.in/GCC/path/Scan_20241220_122127.pdf]
[www.mscepune.in/GCC/path/Scan_20241220_122056.pdf]
[www.mscepune.in/GCC/path/quotation11.pdf]
[www.mscepune.in/GCC/path/quotation12.pdf]
[www.mscepune.in/GCC/path/Scan_20241218_142727.pdf]
[www.mscepune.in/GCC/path/store/Trunk Repairs 12122024.pdf]
[www.mscepune.in/GCC/path/store/File Covers 12122024.pdf]
[www.mscepune.in/GCC/path/Scan_20241209_150239.pdf]
[www.mscepune.in/GCC/path/Scan_20241206_172607.pdf]
[www.mscepune.in/GCC/path/Scan_20241206_143845.pdf]
[www.mscepune.in/GCC/path/Scan_20241204_153401.pdf]
[www.mscepune.in/GCC/path/Scan_20240926_162821.pdf]
[www.mscepune.in/GCC/path/quotation5.9.24.pdf]
[www.mscepune.in/GCC/path/Scan_20241014_175651.pdf]
[www.mscepune.in/GCC/path/AshokLayland_ass.jpg]
[www.mscepune.in/GCC/path/Ciaz_Tire.pdf]
[www.mscepune.in/GCC/path/MarutiSuzuki_Ass.jpg]
[www.mscepune.in/GCC/path/Peti darpatrak.pdf]
[www.mscepune.in/GCC/path/WeightMeasuremnet.jpg]
[www.mscepune.in/GCC/path/kapat durusti.pdf]
[www.mscepune.in/GCC/path/TeaMachine.jpg]
[www.mscepune.in/GCC/path/30.7.24 darpatrak.pdf]
[www.mscepune.in/GCC/path/Darpatrak26.pdf]
[www.mscepune.in/GCC/path/Scan_20240722_173248.pdf]
[www.mscepune.in/GCC/path/Scan_20240719_170436.pdf]
[www.mscepune.in/GCC/path/CamScanner 05-10-2024 18.03.pdf]
[www.mscepune.in/fontawesome-free-6.2.1-web/css/all.css]
[www.mscepune.in/fontawesome-free-6.2.1-web/css/all.min.css]
[www.mscepune.in/GCC/path/Scan_20240507_123941.pdf]
[www.mscepune.in/GCC/path/3.5.24.pdf]
[www.mscepune.in/Bootstrap5.3/Content/bootstrap.css]
[www.mscepune.in/GCC/path/Scan_20240403_174911.pdf]
[www.mscepune.in/Bootstrap5.3/Content/bootstrap.min.css]
[www.mscepune.in/gcc/path/Kaagaz_20240312_182407464312.pdf]
[www.mscepune.in/GCC/path/Xerox 07.03.2024.pdf]
[www.mscepune.in/gcc/path/darpatrak 6.3.24.pdf]
[www.mscepune.in/Bootstrap5.3/Content/CustomStyle.css]
[www.mscepune.in/gcc/path/6.3.24.pdf]
[www.mscepune.in/GCC/path/NewConnection.jpg]
[www.mscepune.in/GCC/path/draft.pdf]
[www.mscepune.in/GCC/path/Xerox Machine AMC 09.02.2024.pdf]
[www.mscepune.in/gcc/path/1234.jpg]
[www.mscepune.in/gcc/path/123456.jpg]
[www.mscepune.in/GCC/path/Lan_Internet.pdf]
[www.mscepune.in/gcc/path/CCTV01.02.2024.pdf]
[www.mscepune.in/GCC/path/Toner24012024.pdf]
[www.mscepune.in/GCC/path/lunch quatation 18.01.2024.pdf]
[www.mscepune.in/GCC/path/server rent quotation.pdf]
[www.mscepune.in/gcc/path/CCTV_08012024.pdf]
[www.mscepune.in/GCC/path/Painting section.pdf]
[www.mscepune.in/GCC/path/sms pack 1.pdf]
[www.mscepune.in/GCC/path/Toner Refilling.pdf]
[www.mscepune.in/GCC/path/Computer AMC.pdf]
[www.mscepune.in/GCC/path/FAN.pdf]
[www.mscepune.in/GCC/path/Trunka.pdf]
[www.mscepune.in/GCC/path/Xerox Machine.pdf]
[www.mscepune.in/GCC/path/Server_Rental.pdf]
[www.mscepune.in/GCC/path/FAN 04.12.2023.pdf]
[www.mscepune.in/GCC/path/TRUNKA 04.12.2023.pdf]
[www.mscepune.in/GCC/path/NUT  BOLT4.12 (3).pdf]
[www.mscepune.in/GCC/path/Revolving chair.pdf]
[www.mscepune.in/GCC/path/Ladder.pdf]
[www.mscepune.in/GCC/path/nut bolt 09.11.2023.pdf]
[www.mscepune.in/GCC/path/stationary darpatrak.pdf]
[www.mscepune.in/index-2.html]
[www.mscepune.in/gccsec/PUP PSS BOOK SELLING1.html]
[www.mscepune.in/ScholorShipLetter/ScholorshipPustakNivedan.html]
[mscepune.in/gcc/00100.html]
[mscepune.in/gcc/002002.html]
[mscepune.in/gcc/MSCE (Pre Recruitment Certification) IH MARATHI 2023.html]
[mscepune.in/gcc/MSCE (Pre Recruitment Certification) IH EN 2023 (1).html]
[www.mscepune.in/gcc/blinking_new.gif]
[www.mscepune.in/gcc/path/RIMC NOTIFICATION 2025_250115_111104.pdf]
[mscepune.in/gcc/dept2024/dept2024New/PDF/RESULT/NEW/LIPIK.jpg]
[mscepune.in/gcc/dept2024/dept2024New/PDF/RESULT/NEW/PARYAVEKSHAK.jpg]
[mscepune.in/gcc/dept2024/dept2024New/PDF/RESULT/msc.pdf]
[mscepune.in/gcc/dept2024/dept2024New/PDF/Latter.pdf]
[mscepune.in/gcc/dept2024/dept2024New/PDF/RESULT/Cleark.pdf]
[www.mscepune.in/Assests/latest-updates.svg]
[mscepune.in/gcc/dept2024/dept2024New/PDF/RESULT/Sup.pdf]
[mscepune.in/gcc/dept2024/dept2024New/PDF/RESULT/ADI.pdf]
[mscepune.in/gcc/dept2024/dept2024New/PDF/Que_Cleark.pdf]
[mscepune.in/gcc/dept2024/dept2024New/PDF/Que_Supervisor.pdf]
[maxcdn.bootstrapcdn.com/bootstrap/3.3.7/js/bootstrap.min.js]
[mscepune.in/gcc/dept2024/dept2024New/PDF/Que_ADI.pdf]
[mscepune.in/gcc/dept2024/dept2024New/PDF/Silyabus subjectwise Cleark.pdf]
[maxcdn.bootstrapcdn.com/bootstrap/3.3.6/js/bootstrap.min.js]
[www.mscepune.in/GCC/path/à¤µà¤¾à¤¹à¤¨.html]
[mscepune.in/gcc/dept2024/dept2024New/PDF/Silyabus subjectwise Sup.pdf]
[mscepune.in/gcc/dept2024/dept2024New/PDF/Silyabus subjectwise ADI.pdf]
[www.mscepune.in/gcc/RIMC_Dec2024Rejectedlist.pdf]
[www.mscepune.in/msce/Assets/mscemain.png]
[www.mscepune.in/msce/fontawesome-free-6.2.1-web/js/all.min.js]
[www.mscepune.in/GCC/internal quotation.html]
[ajax.googleapis.com/ajax/libs/jquery/3.3.1/jquery.min.js]
[www.mscepune.in/GCC/Internal Audit Quotation.html]
[mscepune.in/Bhandar2022/Darpatrak.html]
[www.mscepune.in/Bhandar2022/EPABX.html]
[ajax.googleapis.com/ajax/libs/jquery/1.12.2/jquery.min.js]
[www.mscepune.in/Bhandar2022/jar.html]
[www.mscepune.in/msce/DataTables/DataTables-1.13.4/js/jquery.dataTables.js]
[www.mscepune.in/Bhandar2022/raddi2022.html]
[www.mscepune.in/Assets/mscemain.png]
[www.mscepune.in/msce/DataTables/DataTables-1.13.4/js/jquery.dataTables.min.js]
[www.mscepune.in/gccsec/Pest Control Darpatrak 28.06.2022.html]
[www.mscepune.in/GCC/NUTANIKARAN/EO/ADMINONE/Assets/mscemain.png]
[www.mscepune.in/gccsec/TreeCutting.html]
[www.mscepune.in/GCC/NUTANIKARAN/EO/ADMINONE/Assets/fav-logo.gif]
[www.mscepune.in/gccsec/bayding dar patrak 30.05.2022_page-0001.html]
[www.mscepune.in/GCC/NUTANIKARAN/EO/ADMINONE/Assets/smj.png]
[www.mscepune.in/gccsec/Binding Qoutation.html]
[www.mscepune.in/GCC/NUTANIKARAN/EO/DYDE/Assets/mscemain.png]
[www.mscepune.in/gccsec/AC and Water Cooler 04.05.2022.html]
[www.mscepune.in/GCC/NUTANIKARAN/EO/DYDE/Assets/fav-logo.gif]
[www.mscepune.in/gccsec/MH12UC 2761 ACCESSORIES.html]
[www.mscepune.in/GCC/NUTANIKARAN/EO/DYDE/Assets/smj.png]
[www.mscepune.in/gccsec/Nutbolt 04.05.22.html]
[www.mscepune.in/gcc/fontawesome-free-6.2.1-web/js/all.min.js]
[www.mscepune.in/gcc/fontawesome-free-6.2.1-web/js/all.js]
[www.mscepune.in/gccsec/epbx 20.04.2022.html]
[www.mscepune.in/gcc/Bootstrap5.3/Scripts/bootstrap.min.js]
[www.mscepune.in/gccsec/NEW CCTV 20.04.2022.html]
[www.mscepune.in/gcc/Bootstrap5.3/Scripts/bootstrap.js]
[www.mscepune.in/gccsec/NEW VRUSH CHATANI 20.04.2022.html]
[www.mscepune.in/gcc/Bootstrap5.3/Scripts/poper.js]
[www.mscepune.in/gcc/Assests/mscemain.png]
[www.mscepune.in/gccsec/XEROX MACHINE SUTE BHAG18.04.2022.html]
[www.mscepune.in/gcc/Assests/bg.png]
[www.mscepune.in/gccsec/SERVER RENTAL 18.4.2022 (2).html]
[www.mscepune.in/gcc/path/Acct2023_2.pdf]
[www.mscepune.in/gccsec/DocScanner Apr 18, 2022 12-58 PM.html]
[www.mscepune.in/GCC/path/वाहन.pdf]
[www.mscepune.in/gccsec/Darpatrak12042022.html]
[www.mscepune.in/gcc/Assests/fav-logo.gif]
[www.mscepune.in/NTSNmsSec/BARTI_200315.html]
[www.mscepune.in/gcc/Assests/smj.png]
[www.mscepune.in/gccSec/CopmuterTypingNote_280515.html]
[unpkg.com/@popperjs/core@2.11.8/dist/umd/popper.js]
[www.mscepune.in/gccsec/Gundan_Yojana.html]
[www.mscepune.in/GCC/fontawesome-free-6.2.1-web/js/all.min-2.js]
[www.mscepune.in/gccSec/GCC_TBC_30_170615.html]
[www.mscepune.in/GCC/fontawesome-free-6.2.1-web/js/all-2.js]
[www.mscepune.in/gccSec/GCC_TBC_40_170615.html]
[www.mscepune.in/GCC/Bootstrap5.3/Scripts/bootstrap.min-2.js]
[www.mscepune.in/gccSec/GCC_SSD_CTC_1706015.html]
[www.mscepune.in/GCC/Bootstrap5.3/Scripts/bootstrap-2.js]
[www.mscepune.in/GCC/Bootstrap5.3/Scripts/poper-2.js]
[www.mscepune.in/gcc/RIMC_SeatNo_December2024.html]
[www.mscepune.in/msce/google_jsapi.js]
[www.mscepune.in/ntsnmms2022/NTS PRESS NOTE.html]
[www.mscepune.in/msce/Assets/fav-logo.gif]
[www.mscepune.in/gcc/path/P1_ALLROLL_PRT.pdf]
[www.mscepune.in/NTSNmsSec/2021_2022/NTS02.html]
[www.mscepune.in/msce/Assets/nat.png]
[www.mscepune.in/gcc/path/P2_ALLROLL_PRT.pdf]
[www.mscepune.in/msce/BootStrap-5.3/js/bootstrap.js]
[www.recaptcha.net/recaptcha/api85f1.js]
[www.mscepune.in/gcc/path/P3_ALLROLL_PRT.pdf]
[www.ntsemsce.in/pdf/JAHIR PRAKATAN.html]
[www.mscepune.in/gcc/path/P4_ALLROLL_PRT.pdf]
[www.mscepune.in/msce/BootStrap-5.3/js/bootstrap.min.js]
[www.mscepune.in/NTSNmsSec/2021_2022/NOTIFICATION NTS 2021-2022.html]
[www.mscepune.in/gcc/path/P5_ALLROLL_PRT.pdf]
[www.mscepune.in/NTSNmsSec/2021_2022/PRESSNOTE NTS 2021_2022.html]
[www.mscepune.in/msce/HomePageNew.html]
[www.mscepune.in/gcc/path/P6_ALLROLL_PRT.pdf]
[www.mscepune.in/GCC/path/Scan_20250217_150400.pdf]
[www.mscepune.in/GCC/path/Scan_20250210_131323.pdf]
[www.mscepune.in/GCCSEC/08-2019.html]
[www.mscepune.in/GCC/path/Scan_20250206_173519.pdf]
[www.mscepune.in/GCCSEC/KendraShasan04052022.html]
[www.mscepune.in/GCC/path/Scan_20250115_164924.pdf]
[www.mscepune.in/Disclamer.html]
[www.mscepune.in/GCC/path/Scan_20250115_165110.pdf]
[www.mscepune.in/GCC/path/Scan_20250115_165153.pdf]
[www.mscepune.in/GCC/path/Scan_20250113_142955.pdf]
[maxcdn.bootstrapcdn.com/bootstrap/3.3.7/css/bootstrap.min.css]
[www.mscepune.in/gcc/path/Kaagaz_20240312_182407464312.pdf]
[code.jquery.com/ui/1.12.1/themes/base/images/ui-icons_444444_256x240.png]
[maxcdn.bootstrapcdn.com/bootstrap/3.3.7/fonts/glyphicons-halflings-regular.svg]
[code.jquery.com/ui/1.12.1/themes/base/images/ui-icons_555555_256x240.png]
[www.mscepune.in/GCC/path/Toner Refilling.pdf]
[code.jquery.com/ui/1.12.1/themes/base/images/ui-icons_ffffff_256x240.png]
[code.jquery.com/ui/1.12.1/themes/base/images/ui-icons_777620_256x240.png]
[www.mscepune.in/msce/BootStrap-5.3/js/Popper.js]
[code.jquery.com/ui/1.12.1/themes/base/images/ui-icons_cc0000_256x240.png]
[www.mscepune.in/GCC/path/Computer AMC.pdf]
[code.jquery.com/ui/1.12.1/themes/base/images/ui-icons_777777_256x240.png]
[code.jquery.com/ui/1.12.1/themes/base/jquery-ui.css]
[www.mscepune.in/gcc/RIMC_Dec2023Rejectedlist.pdf]
[www.mscepune.in/resources/demos/style.html]
[www.mscepune.in/GCC/path/jevan darpatrak.pdf]
[www.mscepune.in/GCC/path/toner 09.11.2023.pdf]
[www.mscepune.in/GCC/path/computer laptop amc 09.11.2023.pdf]
[ajax.googleapis.com/ajax/libs/jquery/1.12.4/jquery.min.js]
[www.mscepune.in/GCC/path/lunch 09.11.2023.pdf]
[www.mscepune.in/GCC/path/xeroxmachine 09.11.2023.pdf]
[www.recaptcha.net/recaptcha/api85f1.js]
[code.jquery.com/ui/1.12.1/themes/base/images/ui-icons_444444_256x240.png]
[code.jquery.com/ui/1.12.1/themes/base/images/ui-icons_555555_256x240.png]
[code.jquery.com/ui/1.12.1/themes/base/images/ui-icons_ffffff_256x240.png]
[code.jquery.com/ui/1.12.1/themes/base/images/ui-icons_cc0000_256x240.png]
[code.jquery.com/ui/1.12.1/themes/base/images/ui-icons_777777_256x240.png]
[code.jquery.com/ui/1.12.1/themes/base/images/ui-icons_777620_256x240.png]
[www.mscepune.in/gcc/css/bootstrap.css]
[www.mscepune.in/gcc/CSS/bootstrap-2.css]
[www.mscepune.in/WebResource6456.js]
[cdn.jsdelivr.net/npm/bootstrap@5.3.2/dist/css/bootstrap.min.css]
[www.mscepune.in/msce/fontawesome-free-6.2.1-web/webfonts/fa-brands-400.woff2]
[www.mscepune.in/msce/fontawesome-free-6.2.1-web/webfonts/fa-brands-400.ttf]
[www.mscepune.in/msce/fontawesome-free-6.2.1-web/webfonts/fa-regular-400.woff2]
[www.mscepune.in/msce/fontawesome-free-6.2.1-web/webfonts/fa-regular-400.ttf]
[www.mscepune.in/msce/fontawesome-free-6.2.1-web/webfonts/fa-solid-900.woff2]
[www.mscepune.in/msce/fontawesome-free-6.2.1-web/webfonts/fa-solid-900.ttf]
[www.mscepune.in/msce/fontawesome-free-6.2.1-web/webfonts/fa-v4compatibility.woff2]
[www.mscepune.in/msce/fontawesome-free-6.2.1-web/css/all.min.css]
[www.mscepune.in/msce/uikit-3.16.19/css/uikit.min.html]
[www.mscepune.in/msce/uikit-3.16.19/css/uikit.html]
[www.mscepune.in/msce/uikit-3.16.19/js/uikit.html]
[www.mscepune.in/msce/uikit-3.16.19/js/uikit-icons.min.html]
[www.mscepune.in/msce/uikit-3.16.19/js/uikit-icons.html]
[www.mscepune.in/msce/uikit-3.16.19/js/uikit.min.html]
[www.mscepune.in/msce/DataTables/DataTables-1.13.4/css/jquery.dataTables.css]
[www.mscepune.in/msce/DataTables/DataTables-1.13.4/css/jquery.dataTables.min.css]
[maxcdn.bootstrapcdn.com/bootstrap/4.5.2/css/bootstrap.min.css]
[www.mscepune.in/GCC/NUTANIKARAN/EO/ADMINONE/BootStrap-5.3/css/bootstrap.html]
[www.mscepune.in/GCC/NUTANIKARAN/EO/ADMINONE/BootStrap-5.3/css/bootstrap.min.html]
[www.mscepune.in/GCC/NUTANIKARAN/EO/ADMINONE/BootStrap-5.3/js/bootstrap.html]
[www.mscepune.in/GCC/NUTANIKARAN/EO/ADMINONE/BootStrap-5.3/js/bootstrap.min.html]
[www.mscepune.in/GCC/NUTANIKARAN/EO/ADMINONE/BootStrap-5.3/js/Popper.html]
[www.mscepune.in/GCC/NUTANIKARAN/EO/ADMINONE/fontawesome-free-6.2.1-web/css/all.min.html]
[www.mscepune.in/GCC/NUTANIKARAN/EO/ADMINONE/fontawesome-free-6.2.1-web/js/all.min.html]
[www.mscepune.in/GCC/NUTANIKARAN/EO/ADMINONE/uikit-3.16.19/css/uikit.min.html]
[www.mscepune.in/GCC/NUTANIKARAN/EO/ADMINONE/uikit-3.16.19/css/uikit.html]
[www.mscepune.in/GCC/NUTANIKARAN/EO/ADMINONE/uikit-3.16.19/js/uikit.html]
[www.mscepune.in/GCC/NUTANIKARAN/EO/ADMINONE/uikit-3.16.19/js/uikit-icons.min.html]
[www.mscepune.in/GCC/NUTANIKARAN/EO/ADMINONE/uikit-3.16.19/js/uikit-icons.html]
[www.mscepune.in/GCC/NUTANIKARAN/EO/ADMINONE/uikit-3.16.19/js/uikit.min.html]
[www.mscepune.in/GCC/NUTANIKARAN/EO/ADMINONE/DataTables/DataTables-1.13.4/css/jquery.dataTables.html]
[www.mscepune.in/GCC/NUTANIKARAN/EO/ADMINONE/DataTables/DataTables-1.13.4/css/jquery.dataTables.min.html]
[www.mscepune.in/GCC/NUTANIKARAN/EO/ADMINONE/DataTables/DataTables-1.13.4/js/jquery.dataTables.html]
[www.mscepune.in/GCC/NUTANIKARAN/EO/ADMINONE/DataTables/DataTables-1.13.4/js/jquery.dataTables.min.html]
[www.mscepune.in/GCC/NUTANIKARAN/EO/DYDE/BootStrap-5.3/css/bootstrap.html]
[www.mscepune.in/GCC/NUTANIKARAN/EO/DYDE/BootStrap-5.3/css/bootstrap.min.html]
[www.mscepune.in/GCC/NUTANIKARAN/EO/DYDE/BootStrap-5.3/js/bootstrap.html]
[www.mscepune.in/GCC/NUTANIKARAN/EO/DYDE/BootStrap-5.3/js/bootstrap.min.html]
[www.mscepune.in/GCC/NUTANIKARAN/EO/DYDE/BootStrap-5.3/js/Popper.html]
[www.mscepune.in/GCC/NUTANIKARAN/EO/DYDE/fontawesome-free-6.2.1-web/css/all.min.html]
[www.mscepune.in/GCC/NUTANIKARAN/EO/DYDE/fontawesome-free-6.2.1-web/js/all.min.html]
[www.mscepune.in/GCC/NUTANIKARAN/EO/DYDE/uikit-3.16.19/css/uikit.min.html]
[www.mscepune.in/GCC/NUTANIKARAN/EO/DYDE/uikit-3.16.19/css/uikit.html]
[www.mscepune.in/GCC/NUTANIKARAN/EO/DYDE/uikit-3.16.19/js/uikit.html]
[www.mscepune.in/GCC/NUTANIKARAN/EO/DYDE/uikit-3.16.19/js/uikit-icons.min.html]
[www.mscepune.in/GCC/NUTANIKARAN/EO/DYDE/uikit-3.16.19/js/uikit-icons.html]
[www.mscepune.in/GCC/NUTANIKARAN/EO/DYDE/uikit-3.16.19/js/uikit.min.html]
[www.mscepune.in/GCC/NUTANIKARAN/EO/DYDE/DataTables/DataTables-1.13.4/css/jquery.dataTables.html]
[www.mscepune.in/GCC/NUTANIKARAN/EO/DYDE/DataTables/DataTables-1.13.4/css/jquery.dataTables.min.html]
[www.mscepune.in/GCC/NUTANIKARAN/EO/DYDE/DataTables/DataTables-1.13.4/js/jquery.dataTables.html]
[www.mscepune.in/GCC/NUTANIKARAN/EO/DYDE/DataTables/DataTables-1.13.4/js/jquery.dataTables.min.html]
[www.mscepune.in/msce/fontawesome-free-6.2.1-web/webfonts/fa-v4compatibility.ttf]
[www.mscepune.in/gcc/CSS/gcc.css]
[www.mscepune.in/gcc/Images/Title.html]
[www.mscepune.in/gcc/Images/wb3.html]
[www.mscepune.in/gcc/Images/LogoMsce.html]
[www.mscepune.in/gcc/Images/Emblem_of_India.html]
[www.mscepune.in/gcc/fontawesome-free-6.2.1-web/css/all.css]
[www.mscepune.in/gcc/fontawesome-free-6.2.1-web/css/all.min.css]
[www.mscepune.in/gcc/Bootstrap5.3/Content/bootstrap.css]
[www.mscepune.in/gcc/Bootstrap5.3/Content/bootstrap.min.css]
[www.mscepune.in/gcc/Bootstrap5.3/Content/CustomStyle.css]
[www.mscepune.in/GCC/fontawesome-free-6.2.1-web/css/all-2.css]
[www.mscepune.in/GCC/fontawesome-free-6.2.1-web/css/all.min-2.css]
[www.mscepune.in/GCC/Bootstrap5.3/Content/bootstrap-2.css]
[www.mscepune.in/GCC/Bootstrap5.3/Content/bootstrap.min-2.css]
[www.mscepune.in/GCC/Bootstrap5.3/Content/CustomStyle-2.css]
[www.mscepune.in/GCC/css/bootstrap-3.css]
[www.mscepune.in/GCC/js/jquery-1.11.3.html]
[www.mscepune.in/GCC/js/bootstrap.html]
[www.mscepune.in/GCC/js/bootstrap.min.html]
[www.mscepune.in/GCCSEC/Scholarship_Dubar.html]
[2025.mscenmms.in/favicon_nmms.png]
[pgi.billdesk.com/payments-checkout-widget/src/app.bundle.js]
[2025.mscenmms.in/static/css/81.20c18dc6.chunk.css]
[2025.mscenmms.in/static/css/main.6c171bcf.chunk.css]
[2025.mscenmms.in/static/js/81.a7938b1d.chunk.js]
[2025.mscenmms.in/static/js/main.c6e116a0.chunk.js]
[2025.mscenmms.in/NMMS2122Documents/Image (53).html]
[www.mscepune.in/gcc/Rimc June 2023 notification.html]
[www.mscepune.in/gcc/DEPT_2020/DEPARTMENTAL EXAM DATE28072021.html]
[www.mscepune.in/gcc/CSS/GCC-2.css]
[www.mscepune.in/gcc/Images/bgs.html]
[www.mscepune.in/Content/bootstrap.min.html]
[www.mscepune.in/Scripts/bootstrap.min.html]
[www.mscepune.in/uikit-3.16.19/css/uikit.min.html]
[www.mscepune.in/uikit-3.16.19/js/uikit.min.html]
[www.mscepune.in/uikit-3.16.19/js/uikit-icons.min.html]
[www.mscepune.in/msce/Custom/StyleSheet1.css]
[cdnjs.cloudflare.com/ajax/libs/font-awesome/5.15.3/webfonts/fa-brands-400.svg]
[cdnjs.cloudflare.com/ajax/libs/font-awesome/5.15.3/webfonts/fa-regular-400.svg]
[cdnjs.cloudflare.com/ajax/libs/font-awesome/5.15.3/css/all.min.css]
[www.mscepune.in/msce/Assets/TP.html]
[www.mscepune.in/msce/Assets/policy.html]
[www.mscepune.in/msce/BootStrap-5.3/css/bootstrap.css]
[www.mscepune.in/msce/BootStrap-5.3/css/bootstrap.min.css]
[cdnjs.cloudflare.com/ajax/libs/font-awesome/5.15.3/webfonts/fa-solid-900.svg]
[maxcdn.bootstrapcdn.com/bootstrap/3.3.6/css/bootstrap.min.css]
[www.mscepune.in/GCC/imagesNew/General-page-001.html]
[www.mscepune.in/GCC/Scholarship_syllabus_2016/MARATHI MEDIUM_5TH_MARATHI.html]
[www.mscepune.in/GCC/Scholarship_syllabus_2016/MARATHI MEDIUM_5TH_MATHS.html]
[www.mscepune.in/GCC/Scholarship_syllabus_2016/MARATHI MEDIUM_5TH_ENGLISH.html]
[www.mscepune.in/GCC/Scholarship_syllabus_2016/MARATHI MEDIUM_5TH_IQ.html]
[www.mscepune.in/GCC/Scholarship_syllabus_2016/MARATHI MEDIUM_8TH_MARATHI.html]
[www.mscepune.in/GCC/Scholarship_syllabus_2016/MARATHI MEDIUM_8TH_MATHS.html]
[www.mscepune.in/GCC/Scholarship_syllabus_2016/MARATHI MEDIUM_8TH_ENGLISH.html]
[www.mscepune.in/GCC/Scholarship_syllabus_2016/MARATHI MEDIUM_8TH_IQ.html]
[www.mscepune.in/GCC/Scholarship_syllabus_2016/ENGLISH MEDIUM_5TH_FL ENGLISH.html]
[www.mscepune.in/GCC/Scholarship_syllabus_2016/ENGLISH MEDIUM_5TH_MATHEMATICS.html]
[www.mscepune.in/GCC/Scholarship_syllabus_2016/ENGLISH MEDIUM_5TH_TL MARATHI.html]
[www.mscepune.in/GCC/Scholarship_syllabus_2016/ENGLISH MEDIUM_5TH_IQ.html]
[www.mscepune.in/GCC/Scholarship_syllabus_2016/ENGLISH MEDIUM_8TH_FL ENGLISH.html]
[www.mscepune.in/GCC/Scholarship_syllabus_2016/ENGLISH MEDIUM_8TH_MATHEMATICS.html]
[www.mscepune.in/GCC/Scholarship_syllabus_2016/ENGLISH MEDIUM_8TH_TL MARATHI.html]
[www.mscepune.in/GCC/Scholarship_syllabus_2016/ENGLISH MEDIUM_8TH_IQ.html]
[www.mscepune.in/GCC/Scholarship_syllabus_2016/HINDI MEDIUM_5TH_FL HINDI.html]
[www.mscepune.in/GCC/Scholarship_syllabus_2016/HINDI MEDIUM_5TH_MATHS.html]
[www.mscepune.in/GCC/Scholarship_syllabus_2016/HINDI MEDIUM_5TH_IQ.html]
[www.mscepune.in/GCC/Scholarship_syllabus_2016/HINDI MEDIUM_8TH_FL HINDI.html]
[www.mscepune.in/GCC/Scholarship_syllabus_2016/HINDI MEDIUM_8TH MATHS.html]
[www.mscepune.in/GCC/Scholarship_syllabus_2016/HINDI MEDIUM_8TH_IQ.html]
[www.mscepune.in/GCC/Scholarship_syllabus_2016/5th Standard_Urdu.html]
[www.mscepune.in/GCC/Scholarship_syllabus_2016/5th Standard_Maths.html]
[www.mscepune.in/GCC/Scholarship_syllabus_2016/5th Standard_IT.html]
[www.mscepune.in/GCC/Scholarship_syllabus_2016/8th Standard_Urdu.html]
[www.mscepune.in/GCC/Scholarship_syllabus_2016/8th Standard_Maths.html]
[www.mscepune.in/GCC/Scholarship_syllabus_2016/8th Standard_IT.html]
[www.mscepune.in/GCC/Scholarship_syllabus_2016/First language_Gujarati 5 STD.html]
[www.mscepune.in/GCC/Scholarship_syllabus_2016/Mathematic_ Gujarati 5 STD.html]
[www.mscepune.in/GCC/Scholarship_syllabus_2016/Buddhimatha Exa_ Gujarati 5 STD.html]
[www.mscepune.in/GCC/Scholarship_syllabus_2016/First language_Gujarati 8 STD.html]
[www.mscepune.in/GCC/Scholarship_syllabus_2016/Mathematic_ Gujarati 8 STD.html]
[www.mscepune.in/GCC/Scholarship_syllabus_2016/Buddhimatha Exa_ Gujarati 8 STD.html]
[www.mscepune.in/GCC/Scholarship_syllabus_2016/Balbarthi Kannada 5 STD_First language (13-07-2016).html]
[www.mscepune.in/GCC/Scholarship_syllabus_2016/Balbarthi Kannada 5 STD_Maths (13-07-2016).html]
[www.mscepune.in/GCC/Scholarship_syllabus_2016/Balbarthi Kannada 5 STD_Intelligence Test (13-07-2016).html]
[www.mscepune.in/GCC/Scholarship_syllabus_2016/Balbarthi Kannada 8 STD_First language (13-07-2016).html]
[www.mscepune.in/GCC/Scholarship_syllabus_2016/Balbarthi Kannada 8 STD_Maths (13-07-2016).html]
[www.mscepune.in/GCC/Scholarship_syllabus_2016/Balbarthi Kannada 8 STD_Intelligence Test (13-07-2016).html]
[www.mscepune.in/GCC/Scholarship_syllabus_2016/Balbarthi Telugu 5 STD_First language (13-07-2016).html]
[www.mscepune.in/GCC/Scholarship_syllabus_2016/Balbarthi Telugu 5 STD_Mathematics (13-07-2016).html]
[www.mscepune.in/GCC/Scholarship_syllabus_2016/Balbarthi Telugu 5 STD_Intelligence Test (13-07-2016).html]
[www.mscepune.in/GCC/Scholarship_syllabus_2016/Balbarthi Telugu 8 STD_First language (13-07-2016).html]
[www.mscepune.in/GCC/Scholarship_syllabus_2016/Balbarthi Telugu 8 STD_Mathematics (13-07-2016).html]
[www.mscepune.in/GCC/Scholarship_syllabus_2016/Balbarthi Telugu 8 STD_Intelligence Test (13-07-2016).html]
[www.mscepune.in/GCC/Scholarship_syllabus_2016/Std 5th Sindhi.html]
[www.mscepune.in/GCC/Scholarship_syllabus_2016/Std 5th Maths.html]
[www.mscepune.in/GCC/Scholarship_syllabus_2016/Std 5th IQ.html]
[www.mscepune.in/GCC/Scholarship_syllabus_2016/Std 8th Sindhi.html]
[www.mscepune.in/GCC/Scholarship_syllabus_2016/Std 8th Maths.html]
[www.mscepune.in/GCC/Scholarship_syllabus_2016/Std 8th Intelligence.html]
[www.mscepune.in/msce/FeedBack.html]
[www.mscepune.in/fontawesome-free-6.2.1-web/webfonts/fa-brands-400.html]
[www.mscepune.in/fontawesome-free-6.2.1-web/webfonts/fa-brands-401.html]
[www.mscepune.in/fontawesome-free-6.2.1-web/webfonts/fa-regular-400.html]
[www.mscepune.in/fontawesome-free-6.2.1-web/webfonts/fa-regular-401.html]
[www.mscepune.in/fontawesome-free-6.2.1-web/webfonts/fa-solid-900.html]
[www.mscepune.in/fontawesome-free-6.2.1-web/webfonts/fa-solid-901.html]
[www.mscepune.in/fontawesome-free-6.2.1-web/webfonts/fa-v4compatibility.html]
[www.mscepune.in/fontawesome-free-6.2.1-web/webfonts/fa-v4compatibility-2.html]
[maxcdn.bootstrapcdn.com/bootstrap/3.3.7/fonts/glyphicons-halflings-regular.svg]
[www.mscepune.in/gcc/fonts/glyphicons-halflings-regular.html]
[www.mscepune.in/gcc/fonts/glyphicons-halflings-regulard41d.html]
[www.mscepune.in/gcc/fonts/glyphicons-halflings-regular-2.html]
[www.mscepune.in/gcc/fonts/glyphicons-halflings-regular-3.html]
[www.mscepune.in/gcc/fonts/glyphicons-halflings-regular-4.html]
[www.mscepune.in/gcc/fonts/glyphicons-halflings-regular-5.html]
[www.mscepune.in/gcc/Images/gr.html]
[www.mscepune.in/gcc/Images/imgbtnbg.html]
[www.mscepune.in/gcc/Images/TitleCenter.html]
[www.mscepune.in/gcc/fontawesome-free-6.2.1-web/webfonts/fa-brands-400.html]
[www.mscepune.in/gcc/fontawesome-free-6.2.1-web/webfonts/fa-brands-401.html]
[www.mscepune.in/gcc/fontawesome-free-6.2.1-web/webfonts/fa-regular-400.html]
[www.mscepune.in/gcc/fontawesome-free-6.2.1-web/webfonts/fa-regular-401.html]
[www.mscepune.in/gcc/fontawesome-free-6.2.1-web/webfonts/fa-solid-900.html]
[www.mscepune.in/gcc/fontawesome-free-6.2.1-web/webfonts/fa-solid-901.html]
[www.mscepune.in/gcc/fontawesome-free-6.2.1-web/webfonts/fa-v4compatibility.html]
[www.mscepune.in/gcc/fontawesome-free-6.2.1-web/webfonts/fa-v4compatibility-2.html]
[www.mscepune.in/GCC/fontawesome-free-6.2.1-web/webfonts/fa-brands-402.html]
[www.mscepune.in/GCC/fontawesome-free-6.2.1-web/webfonts/fa-brands-403.html]
[www.mscepune.in/GCC/fontawesome-free-6.2.1-web/webfonts/fa-regular-402.html]
[www.mscepune.in/GCC/fontawesome-free-6.2.1-web/webfonts/fa-regular-403.html]
[www.mscepune.in/GCC/fontawesome-free-6.2.1-web/webfonts/fa-solid-902.html]
[www.mscepune.in/GCC/fontawesome-free-6.2.1-web/webfonts/fa-solid-903.html]
[www.mscepune.in/GCC/fontawesome-free-6.2.1-web/webfonts/fa-v4compatibility-3.html]
[www.mscepune.in/GCC/fontawesome-free-6.2.1-web/webfonts/fa-v4compatibility-4.html]
[www.mscepune.in/GCC/fonts/glyphicons-halflings-regular-6.html]
[www.mscepune.in/GCC/fonts/glyphicons-halflings-regulard41d-2.html]
[www.mscepune.in/GCC/fonts/glyphicons-halflings-regular-7.html]
[www.mscepune.in/GCC/fonts/glyphicons-halflings-regular-8.html]
[www.mscepune.in/GCC/fonts/glyphicons-halflings-regular-9.html]
[www.mscepune.in/GCC/fonts/glyphicons-halflings-regular-10.html]
[fonts.googleapis.com/css2234.css]
[pgi.billdesk.com/payments-checkout-widget/src/app.bundle.js]
[2025.mscenmms.in/static/css/81.20c18dc6.chunk.css]
[2025.mscenmms.in/static/css/main.6c171bcf.chunk.css]
[cdnjs.cloudflare.com/ajax/libs/font-awesome/5.15.3/webfonts/fa-brands-400.svg]
[cdnjs.cloudflare.com/ajax/libs/font-awesome/5.15.3/webfonts/fa-regular-400.svg]
[cdnjs.cloudflare.com/ajax/libs/font-awesome/5.15.3/webfonts/fa-solid-900.svg]
[www.mscepune.in/msce/FeedBack.html]
[maxcdn.bootstrapcdn.com/bootstrap/3.3.6/fonts/glyphicons-halflings-regular.svg]
[maxcdn.bootstrapcdn.com/bootstrap/3.3.6/fonts/glyphicons-halflings-regular.svg]
[www.mscepune.in/GCC/path/toner 09.11.2023.pdf]
[www.mscepune.in/gcc/path/Kaagaz_20240312_182407464312.pdf]
[www.mscepune.in/GCC/path/Scan_20250115_164924.pdf]
