[backblue.gif]
[fade.gif]
[index.html]
[www.mscepune.in/fontawesome-free-6.2.1-web/css/all.css]
[www.mscepune.in/fontawesome-free-6.2.1-web/css/all.min.css]
[www.mscepune.in/Bootstrap5.3/Content/bootstrap.css]
[www.mscepune.in/Bootstrap5.3/Content/bootstrap.min.css]
[www.mscepune.in/Bootstrap5.3/Content/CustomStyle.css]
[www.mscepune.in/FrmAboutUs.html]
[www.mscepune.in/gcc/AllResult.html]
[www.mscepune.in/Assests/latest-updates.svg]
[www.mscepune.in/GCC/path/store/File Covers 12122024.pdf]
[www.mscepune.in/GCC/path/Scan_20241209_150239.pdf]
[www.mscepune.in/GCC/path/Scan_20241206_172607.pdf]
[www.mscepune.in/GCC/path/Scan_20241206_143845.pdf]
[www.mscepune.in/GCC/path/Scan_20241204_153401.pdf]
[www.mscepune.in/GCC/path/Scan_20241014_175651.pdf]
[www.mscepune.in/GCC/path/Scan_20240926_162821.pdf]
[www.mscepune.in/GCC/path/quotation5.9.24.pdf]
[www.mscepune.in/GCC/path/Ciaz_Tire.pdf]
[www.mscepune.in/GCC/path/AshokLayland_ass.jpg]
[www.mscepune.in/GCC/path/MarutiSuzuki_Ass.jpg]
[www.mscepune.in/GCC/path/Peti darpatrak.pdf]
[www.mscepune.in/GCC/path/WeightMeasuremnet.jpg]
[www.mscepune.in/GCC/path/kapat durusti.pdf]
[www.mscepune.in/GCC/path/TeaMachine.jpg]
[www.mscepune.in/GCC/path/30.7.24 darpatrak.pdf]
[www.mscepune.in/GCC/path/Darpatrak26.pdf]
[www.mscepune.in/GCC/path/Scan_20240722_173248.pdf]
[www.mscepune.in/GCC/path/Scan_20240719_170436.pdf]
[www.mscepune.in/GCC/path/CamScanner 05-10-2024 18.03.pdf]
[www.mscepune.in/GCC/path/Scan_20240507_123941.pdf]
[www.mscepune.in/GCC/path/3.5.24.pdf]
[www.mscepune.in/GCC/path/Scan_20240403_174911.pdf]
[www.mscepune.in/gcc/path/Kaagaz_20240312_182407464312.pdf]
[www.mscepune.in/GCC/path/Xerox 07.03.2024.pdf]
[www.mscepune.in/gcc/path/darpatrak 6.3.24.pdf]
[www.mscepune.in/gcc/path/6.3.24.pdf]
[www.mscepune.in/GCC/path/NewConnection.jpg]
[www.mscepune.in/GCC/path/draft.pdf]
[www.mscepune.in/GCC/path/Xerox Machine AMC 09.02.2024.pdf]
[www.mscepune.in/gcc/path/1234.jpg]
[www.mscepune.in/gcc/path/123456.jpg]
[www.mscepune.in/gcc/path/CCTV01.02.2024.pdf]
[www.mscepune.in/GCC/path/Lan_Internet.pdf]
[www.mscepune.in/GCC/path/Toner24012024.pdf]
[www.mscepune.in/GCC/path/lunch quatation 18.01.2024.pdf]
[www.mscepune.in/GCC/path/server rent quotation.pdf]
[www.mscepune.in/gcc/path/CCTV_08012024.pdf]
[www.mscepune.in/GCC/path/Painting section.pdf]
[www.mscepune.in/GCC/path/sms pack 1.pdf]
[www.mscepune.in/GCC/path/Toner Refilling.pdf]
[www.mscepune.in/GCC/path/Computer AMC.pdf]
[www.mscepune.in/GCC/path/FAN.pdf]
[www.mscepune.in/index.html]
[www.mscepune.in/index-2.html]
